test1
test2
test3
test4
test1
test2
test3
test4
LinuxTutorial2.pdf
README.md
paralell.c
test-wish.sh
tests
tests-out
wish
wish.c
wish_utils.c
wish_utils.h
